=== Паромная переправа (seed=11) ===
[t=0000] Паром у берега: левый, начинаем погрузку
[t=0000] Приехала машина #1 (легковая, 1512 кг, 1 мест) на левый берег (в очереди: 1)
[t=0000] Приехала машина #2 (легковая, 840 кг, 1 мест) на левый берег (в очереди: 2)
[t=0000] Приехала машина #3 (большая, 4473 кг, 3 мест) на левый берег (в очереди: 3)
[t=0000] Приехала машина #4 (легковая, 1318 кг, 1 мест) на правый берег (в очереди: 1)
[t=0000] Приехала машина #5 (легковая, 1214 кг, 1 мест) на правый берег (в очереди: 2)
[t=0000] Приехала машина #6 (большая, 3957 кг, 3 мест) на правый берег (в очереди: 3)
[t=0001] Грузим #1 (легковая, 1512 кг, 1 мест) (ждала 1 мин)
[t=0003] Погрузили #1 (легковая, 1512 кг, 1 мест). Паром [1/6 авто, 1/8 мест, 1512/12000 кг] #1
[t=0004] Грузим #2 (легковая, 840 кг, 1 мест) (ждала 4 мин)
[t=0006] Приехала машина #7 (легковая, 1563 кг, 1 мест) на левый берег (в очереди: 2)
[t=0006] Погрузили #2 (легковая, 840 кг, 1 мест). Паром [2/6 авто, 2/8 мест, 2352/12000 кг] #1 #2
[t=0007] Грузим #3 (большая, 4473 кг, 3 мест) (ждала 7 мин)
[t=0008] Приехала машина #8 (легковая, 739 кг, 1 мест) на левый берег (в очереди: 2)
[t=0008] Приехала машина #9 (легковая, 924 кг, 1 мест) на правый берег (в очереди: 4)
[t=0009] Погрузили #3 (большая, 4473 кг, 3 мест). Паром [3/6 авто, 5/8 мест, 6825/12000 кг] #1 #2 #3
[t=0010] Приехала машина #10 (легковая, 722 кг, 1 мест) на правый берег (в очереди: 5)
[t=0010] Грузим #7 (легковая, 1563 кг, 1 мест) (ждала 4 мин)
[t=0011] Приехала машина #11 (легковая, 884 кг, 1 мест) на левый берег (в очереди: 2)
[t=0012] Погрузили #7 (легковая, 1563 кг, 1 мест). Паром [4/6 авто, 6/8 мест, 8388/12000 кг] #1 #2 #3 #7
[t=0013] Грузим #8 (легковая, 739 кг, 1 мест) (ждала 5 мин)
[t=0015] Погрузили #8 (легковая, 739 кг, 1 мест). Паром [5/6 авто, 7/8 мест, 9127/12000 кг] #1 #2 #3 #7 #8
[t=0016] Грузим #11 (легковая, 884 кг, 1 мест) (ждала 5 мин)
[t=0018] Приехала машина #12 (легковая, 1429 кг, 1 мест) на правый берег (в очереди: 6)
[t=0018] Погрузили #11 (легковая, 884 кг, 1 мест). Паром [6/6 авто, 8/8 мест, 10011/12000 кг] #1 #2 #3 #7 #8 #11
[t=0019] Приехала машина #13 (большая, 5596 кг, 4 мест) на левый берег (в очереди: 1)
[t=0019] Конец погрузки (паром заполнен). Паром [6/6 авто, 8/8 мест, 10011/12000 кг] #1 #2 #3 #7 #8 #11
[t=0020] Отправление, рейс 1, берег отправления: левый
[t=0022] Приехала машина #14 (большая, 2404 кг, 2 мест) на левый берег (в очереди: 2)
[t=0025] Приехала машина #15 (большая, 4263 кг, 3 мест) на правый берег (в очереди: 7)
[t=0028] Приехала машина #16 (большая, 2868 кг, 4 мест) на левый берег (в очереди: 3)
[t=0030] Паром приплыл, берег: правый, на борту 6 авто
[t=0031] Приехала машина #17 (легковая, 1530 кг, 1 мест) на правый берег (в очереди: 8)
[t=0031] Выгружаем #1 (легковая, 1512 кг, 1 мест)
[t=0032] Приехала машина #18 (большая, 4480 кг, 4 мест) на левый берег (в очереди: 4)
[t=0032] Выгрузили #1 (легковая, 1512 кг, 1 мест). Паром [5/6 авто, 7/8 мест, 8499/12000 кг] #2 #3 #7 #8 #11
[t=0033] Выгружаем #2 (легковая, 840 кг, 1 мест)
[t=0034] Выгрузили #2 (легковая, 840 кг, 1 мест). Паром [4/6 авто, 6/8 мест, 7659/12000 кг] #3 #7 #8 #11
[t=0035] Выгружаем #3 (большая, 4473 кг, 3 мест)
[t=0036] Приехала машина #19 (легковая, 895 кг, 1 мест) на правый берег (в очереди: 9)
[t=0036] Выгрузили #3 (большая, 4473 кг, 3 мест). Паром [3/6 авто, 3/8 мест, 3186/12000 кг] #7 #8 #11
[t=0037] Выгружаем #7 (легковая, 1563 кг, 1 мест)
[t=0038] Выгрузили #7 (легковая, 1563 кг, 1 мест). Паром [2/6 авто, 2/8 мест, 1623/12000 кг] #8 #11
[t=0039] Выгружаем #8 (легковая, 739 кг, 1 мест)
[t=0040] Выгрузили #8 (легковая, 739 кг, 1 мест). Паром [1/6 авто, 1/8 мест, 884/12000 кг] #11
[t=0041] Выгружаем #11 (легковая, 884 кг, 1 мест)
[t=0042] Приехала машина #20 (большая, 2990 кг, 2 мест) на правый берег (в очереди: 10)
[t=0042] Выгрузили #11 (легковая, 884 кг, 1 мест). Паром [0/6 авто, 0/8 мест, 0/12000 кг]
[t=0042] Погрузка, берег: правый (в очереди: 10)
[t=0043] Грузим #4 (легковая, 1318 кг, 1 мест) (ждала 43 мин)
[t=0045] Погрузили #4 (легковая, 1318 кг, 1 мест). Паром [1/6 авто, 1/8 мест, 1318/12000 кг] #4
[t=0046] Грузим #5 (легковая, 1214 кг, 1 мест) (ждала 46 мин)
[t=0048] Погрузили #5 (легковая, 1214 кг, 1 мест). Паром [2/6 авто, 2/8 мест, 2532/12000 кг] #4 #5
[t=0049] Грузим #6 (большая, 3957 кг, 3 мест) (ждала 49 мин)
[t=0051] Погрузили #6 (большая, 3957 кг, 3 мест). Паром [3/6 авто, 5/8 мест, 6489/12000 кг] #4 #5 #6
[t=0052] Грузим #9 (легковая, 924 кг, 1 мест) (ждала 44 мин)
[t=0054] Погрузили #9 (легковая, 924 кг, 1 мест). Паром [4/6 авто, 6/8 мест, 7413/12000 кг] #4 #5 #6 #9
[t=0055] Грузим #10 (легковая, 722 кг, 1 мест) (ждала 45 мин)
[t=0057] Погрузили #10 (легковая, 722 кг, 1 мест). Паром [5/6 авто, 7/8 мест, 8135/12000 кг] #4 #5 #6 #9 #10
[t=0058] Грузим #12 (легковая, 1429 кг, 1 мест) (ждала 40 мин)
[t=0060] Погрузили #12 (легковая, 1429 кг, 1 мест). Паром [6/6 авто, 8/8 мест, 9564/12000 кг] #4 #5 #6 #9 #10 #12
[t=0061] Конец погрузки (паром заполнен). Паром [6/6 авто, 8/8 мест, 9564/12000 кг] #4 #5 #6 #9 #10 #12
[t=0062] Отправление, рейс 2, берег отправления: правый
[t=0072] Паром приплыл, берег: левый, на борту 6 авто
[t=0073] Выгружаем #4 (легковая, 1318 кг, 1 мест)
[t=0074] Выгрузили #4 (легковая, 1318 кг, 1 мест). Паром [5/6 авто, 7/8 мест, 8246/12000 кг] #5 #6 #9 #10 #12
[t=0075] Выгружаем #5 (легковая, 1214 кг, 1 мест)
[t=0076] Выгрузили #5 (легковая, 1214 кг, 1 мест). Паром [4/6 авто, 6/8 мест, 7032/12000 кг] #6 #9 #10 #12
[t=0077] Выгружаем #6 (большая, 3957 кг, 3 мест)
[t=0078] Выгрузили #6 (большая, 3957 кг, 3 мест). Паром [3/6 авто, 3/8 мест, 3075/12000 кг] #9 #10 #12
[t=0079] Выгружаем #9 (легковая, 924 кг, 1 мест)
[t=0080] Выгрузили #9 (легковая, 924 кг, 1 мест). Паром [2/6 авто, 2/8 мест, 2151/12000 кг] #10 #12
[t=0081] Выгружаем #10 (легковая, 722 кг, 1 мест)
[t=0082] Выгрузили #10 (легковая, 722 кг, 1 мест). Паром [1/6 авто, 1/8 мест, 1429/12000 кг] #12
[t=0083] Выгружаем #12 (легковая, 1429 кг, 1 мест)
[t=0084] Выгрузили #12 (легковая, 1429 кг, 1 мест). Паром [0/6 авто, 0/8 мест, 0/12000 кг]
[t=0084] Погрузка, берег: левый (в очереди: 4)
[t=0085] Грузим #13 (большая, 5596 кг, 4 мест) (ждала 66 мин)
[t=0087] Погрузили #13 (большая, 5596 кг, 4 мест). Паром [1/6 авто, 4/8 мест, 5596/12000 кг] #13
[t=0088] Грузим #14 (большая, 2404 кг, 2 мест) (ждала 66 мин)
[t=0090] Погрузили #14 (большая, 2404 кг, 2 мест). Паром [2/6 авто, 6/8 мест, 8000/12000 кг] #13 #14
[t=0091] Отказ в погрузке: #16 (большая, 2868 кг, 4 мест), причина: нет места
[t=0091] Конец погрузки (следующая машина не влезает). Паром [2/6 авто, 6/8 мест, 8000/12000 кг] #13 #14
[t=0092] Отправление, рейс 3, берег отправления: левый
[t=0102] Паром приплыл, берег: правый, на борту 2 авто
[t=0103] Выгружаем #13 (большая, 5596 кг, 4 мест)
[t=0104] Выгрузили #13 (большая, 5596 кг, 4 мест). Паром [1/6 авто, 2/8 мест, 2404/12000 кг] #14
[t=0105] Выгружаем #14 (большая, 2404 кг, 2 мест)
[t=0106] Выгрузили #14 (большая, 2404 кг, 2 мест). Паром [0/6 авто, 0/8 мест, 0/12000 кг]
[t=0106] Погрузка, берег: правый (в очереди: 4)
[t=0107] Грузим #15 (большая, 4263 кг, 3 мест) (ждала 82 мин)
[t=0109] Погрузили #15 (большая, 4263 кг, 3 мест). Паром [1/6 авто, 3/8 мест, 4263/12000 кг] #15
[t=0110] Грузим #17 (легковая, 1530 кг, 1 мест) (ждала 79 мин)
[t=0112] Погрузили #17 (легковая, 1530 кг, 1 мест). Паром [2/6 авто, 4/8 мест, 5793/12000 кг] #15 #17
[t=0113] Грузим #19 (легковая, 895 кг, 1 мест) (ждала 77 мин)
[t=0115] Погрузили #19 (легковая, 895 кг, 1 мест). Паром [3/6 авто, 5/8 мест, 6688/12000 кг] #15 #17 #19
[t=0116] Грузим #20 (большая, 2990 кг, 2 мест) (ждала 74 мин)
[t=0118] Погрузили #20 (большая, 2990 кг, 2 мест). Паром [4/6 авто, 7/8 мест, 9678/12000 кг] #15 #17 #19 #20
[t=0119] Конец погрузки (очередь пуста). Паром [4/6 авто, 7/8 мест, 9678/12000 кг] #15 #17 #19 #20
[t=0120] Отправление, рейс 4, берег отправления: правый
[t=0130] Паром приплыл, берег: левый, на борту 4 авто
[t=0131] Выгружаем #15 (большая, 4263 кг, 3 мест)
[t=0132] Выгрузили #15 (большая, 4263 кг, 3 мест). Паром [3/6 авто, 4/8 мест, 5415/12000 кг] #17 #19 #20
[t=0133] Выгружаем #17 (легковая, 1530 кг, 1 мест)
[t=0134] Выгрузили #17 (легковая, 1530 кг, 1 мест). Паром [2/6 авто, 3/8 мест, 3885/12000 кг] #19 #20
[t=0135] Выгружаем #19 (легковая, 895 кг, 1 мест)
[t=0136] Выгрузили #19 (легковая, 895 кг, 1 мест). Паром [1/6 авто, 2/8 мест, 2990/12000 кг] #20
[t=0137] Выгружаем #20 (большая, 2990 кг, 2 мест)
[t=0138] Выгрузили #20 (большая, 2990 кг, 2 мест). Паром [0/6 авто, 0/8 мест, 0/12000 кг]
[t=0138] Погрузка, берег: левый (в очереди: 2)
[t=0139] Грузим #16 (большая, 2868 кг, 4 мест) (ждала 111 мин)
[t=0141] Погрузили #16 (большая, 2868 кг, 4 мест). Паром [1/6 авто, 4/8 мест, 2868/12000 кг] #16
[t=0142] Грузим #18 (большая, 4480 кг, 4 мест) (ждала 110 мин)
[t=0144] Погрузили #18 (большая, 4480 кг, 4 мест). Паром [2/6 авто, 8/8 мест, 7348/12000 кг] #16 #18
[t=0145] Конец погрузки (паром заполнен). Паром [2/6 авто, 8/8 мест, 7348/12000 кг] #16 #18
[t=0146] Отправление, рейс 5, берег отправления: левый
[t=0156] Паром приплыл, берег: правый, на борту 2 авто
[t=0157] Выгружаем #16 (большая, 2868 кг, 4 мест)
[t=0158] Выгрузили #16 (большая, 2868 кг, 4 мест). Паром [1/6 авто, 4/8 мест, 4480/12000 кг] #18
[t=0159] Выгружаем #18 (большая, 4480 кг, 4 мест)
[t=0160] Выгрузили #18 (большая, 4480 кг, 4 мест). Паром [0/6 авто, 0/8 мест, 0/12000 кг]
[t=0160] Погрузка, берег: правый (в очереди: 0)

Итоги:
Причина завершения: все автомобили перевезены
Время: 160 мин
Рейсов: 5 (пустых: 0)
Отказов в погрузке: 1
Перевезено машин: 20 (слева 10, справа 10)
Не перевезено: 0 (в очередях 0+0, на пароме 0, не приехали 0)
Среднее ожидание: обычные 47.9 мин, экстренные 0.0 мин
