=== Паромная переправа (seed=3) ===
[t=0000] Паром у берега: левый, начинаем погрузку
[t=0000] Приехала машина #1 (легковая, 950 кг, 1 мест) на левый берег (в очереди: 1)
[t=0000] Приехала машина #2 (легковая, 745 кг, 1 мест) на левый берег (в очереди: 2)
[t=0000] Приехала машина #3 (экстренная, 2926 кг, 2 мест) на левый берег (в очереди: 3)
[t=0000] Приехала машина #4 (легковая, 755 кг, 1 мест) на правый берег (в очереди: 1)
[t=0000] Приехала машина #5 (легковая, 1549 кг, 1 мест) на правый берег (в очереди: 2)
[t=0000] Приехала машина #6 (экстренная, 1474 кг, 2 мест) на правый берег (в очереди: 3)
[t=0001] Грузим #3 (экстренная, 2926 кг, 2 мест) (ждала 1 мин)
[t=0003] Погрузили #3 (экстренная, 2926 кг, 2 мест). Паром [1/6 авто, 2/8 мест, 2926/12000 кг] #3
[t=0004] Приехала машина #7 (экстренная, 1361 кг, 1 мест) на правый берег (в очереди: 4)
[t=0004] Грузим #1 (легковая, 950 кг, 1 мест) (ждала 4 мин)
[t=0006] Погрузили #1 (легковая, 950 кг, 1 мест). Паром [2/6 авто, 3/8 мест, 3876/12000 кг] #3 #1
[t=0007] Приехала машина #8 (большая, 2094 кг, 2 мест) на левый берег (в очереди: 2)
[t=0007] Грузим #2 (легковая, 745 кг, 1 мест) (ждала 7 мин)
[t=0009] Погрузили #2 (легковая, 745 кг, 1 мест). Паром [3/6 авто, 4/8 мест, 4621/12000 кг] #3 #1 #2
[t=0010] Грузим #8 (большая, 2094 кг, 2 мест) (ждала 3 мин)
[t=0012] Приехала машина #9 (большая, 3042 кг, 2 мест) на правый берег (в очереди: 5)
[t=0012] Погрузили #8 (большая, 2094 кг, 2 мест). Паром [4/6 авто, 6/8 мест, 6715/12000 кг] #3 #1 #2 #8
[t=0014] Приехала машина #10 (экстренная, 943 кг, 1 мест) на левый берег (в очереди: 1)
[t=0014] Грузим #10 (экстренная, 943 кг, 1 мест) (ждала 0 мин)
[t=0016] Погрузили #10 (экстренная, 943 кг, 1 мест). Паром [5/6 авто, 7/8 мест, 7658/12000 кг] #3 #1 #2 #8 #10
[t=0018] Приехала машина #11 (легковая, 917 кг, 1 мест) на правый берег (в очереди: 6)
[t=0020] Конец погрузки (вышло время ожидания). Паром [5/6 авто, 7/8 мест, 7658/12000 кг] #3 #1 #2 #8 #10
[t=0021] Приехала машина #12 (большая, 3476 кг, 4 мест) на левый берег (в очереди: 1)
[t=0021] Отправление, рейс 1, берег отправления: левый
[t=0023] Приехала машина #13 (большая, 2892 кг, 3 мест) на левый берег (в очереди: 2)
[t=0023] Приехала машина #14 (легковая, 814 кг, 1 мест) на правый берег (в очереди: 7)
[t=0025] Приехала машина #15 (легковая, 1527 кг, 1 мест) на правый берег (в очереди: 8)
[t=0029] Приехала машина #16 (легковая, 797 кг, 1 мест) на левый берег (в очереди: 3)
[t=0029] Приехала машина #17 (легковая, 1585 кг, 1 мест) на правый берег (в очереди: 9)
[t=0031] Приехала машина #18 (экстренная, 2018 кг, 2 мест) на правый берег (в очереди: 10)
[t=0031] Паром приплыл, берег: правый, на борту 5 авто
[t=0032] Выгружаем #3 (экстренная, 2926 кг, 2 мест)
[t=0033] Приехала машина #19 (легковая, 867 кг, 1 мест) на левый берег (в очереди: 4)
[t=0033] Выгрузили #3 (экстренная, 2926 кг, 2 мест). Паром [4/6 авто, 5/8 мест, 4732/12000 кг] #1 #2 #8 #10
[t=0034] Выгружаем #1 (легковая, 950 кг, 1 мест)
[t=0035] Приехала машина #20 (легковая, 1409 кг, 1 мест) на правый берег (в очереди: 11)
[t=0035] Выгрузили #1 (легковая, 950 кг, 1 мест). Паром [3/6 авто, 4/8 мест, 3782/12000 кг] #2 #8 #10
[t=0036] Приехала машина #21 (экстренная, 1542 кг, 1 мест) на левый берег (в очереди: 5)
[t=0036] Выгружаем #2 (легковая, 745 кг, 1 мест)
[t=0037] Выгрузили #2 (легковая, 745 кг, 1 мест). Паром [2/6 авто, 3/8 мест, 3037/12000 кг] #8 #10
[t=0038] Выгружаем #8 (большая, 2094 кг, 2 мест)
[t=0039] Выгрузили #8 (большая, 2094 кг, 2 мест). Паром [1/6 авто, 1/8 мест, 943/12000 кг] #10
[t=0040] Выгружаем #10 (экстренная, 943 кг, 1 мест)
[t=0041] Приехала машина #22 (экстренная, 1096 кг, 1 мест) на левый берег (в очереди: 6)
[t=0041] Выгрузили #10 (экстренная, 943 кг, 1 мест). Паром [0/6 авто, 0/8 мест, 0/12000 кг]
[t=0041] Погрузка, берег: правый (в очереди: 11)
[t=0042] Грузим #6 (экстренная, 1474 кг, 2 мест) (ждала 42 мин)
[t=0043] Приехала машина #23 (экстренная, 875 кг, 1 мест) на левый берег (в очереди: 7)
[t=0043] Приехала машина #24 (большая, 4120 кг, 4 мест) на правый берег (в очереди: 11)
[t=0044] Погрузили #6 (экстренная, 1474 кг, 2 мест). Паром [1/6 авто, 2/8 мест, 1474/12000 кг] #6
[t=0045] Грузим #7 (экстренная, 1361 кг, 1 мест) (ждала 41 мин)
[t=0047] Приехала машина #25 (легковая, 1407 кг, 1 мест) на левый берег (в очереди: 8)
[t=0047] Погрузили #7 (экстренная, 1361 кг, 1 мест). Паром [2/6 авто, 3/8 мест, 2835/12000 кг] #6 #7
[t=0048] Грузим #4 (легковая, 755 кг, 1 мест) (ждала 48 мин)
[t=0049] Приехала машина #26 (легковая, 959 кг, 1 мест) на правый берег (в очереди: 10)
[t=0050] Погрузили #4 (легковая, 755 кг, 1 мест). Паром [3/6 авто, 4/8 мест, 3590/12000 кг] #6 #7 #4
[t=0051] Грузим #5 (легковая, 1549 кг, 1 мест) (ждала 51 мин)
[t=0052] Приехала машина #27 (экстренная, 1154 кг, 1 мест) на правый берег (в очереди: 10)
[t=0053] Погрузили #5 (легковая, 1549 кг, 1 мест). Паром [4/6 авто, 5/8 мест, 5139/12000 кг] #6 #7 #4 #5
[t=0054] Грузим #18 (экстренная, 2018 кг, 2 мест) (ждала 23 мин)
[t=0055] Приехала машина #28 (легковая, 921 кг, 1 мест) на левый берег (в очереди: 9)
[t=0056] Погрузили #18 (экстренная, 2018 кг, 2 мест). Паром [5/6 авто, 7/8 мест, 7157/12000 кг] #6 #7 #4 #5 #18
[t=0057] Приехала машина #29 (экстренная, 1580 кг, 1 мест) на левый берег (в очереди: 10)
[t=0057] Отказ в погрузке: #9 (большая, 3042 кг, 2 мест), причина: нет места
[t=0057] Конец погрузки (следующая машина не влезает). Паром [5/6 авто, 7/8 мест, 7157/12000 кг] #6 #7 #4 #5 #18
[t=0058] Приехала машина #30 (экстренная, 1006 кг, 1 мест) на правый берег (в очереди: 10)
[t=0058] Отправление, рейс 2, берег отправления: правый
[t=0063] Приехала машина #31 (экстренная, 4719 кг, 3 мест) на левый берег (в очереди: 11)
[t=0063] Приехала машина #32 (большая, 3308 кг, 4 мест) на правый берег (в очереди: 11)
[t=0067] Приехала машина #33 (экстренная, 1299 кг, 1 мест) на левый берег (в очереди: 12)
[t=0068] Паром приплыл, берег: левый, на борту 5 авто
[t=0069] Приехала машина #34 (легковая, 1305 кг, 1 мест) на левый берег (в очереди: 13)
[t=0069] Выгружаем #6 (экстренная, 1474 кг, 2 мест)
[t=0070] Приехала машина #35 (легковая, 1407 кг, 1 мест) на правый берег (в очереди: 12)
[t=0070] Выгрузили #6 (экстренная, 1474 кг, 2 мест). Паром [4/6 авто, 5/8 мест, 5683/12000 кг] #7 #4 #5 #18
[t=0071] Выгружаем #7 (экстренная, 1361 кг, 1 мест)
[t=0072] Выгрузили #7 (экстренная, 1361 кг, 1 мест). Паром [3/6 авто, 4/8 мест, 4322/12000 кг] #4 #5 #18
[t=0073] Выгружаем #4 (легковая, 755 кг, 1 мест)
[t=0074] Выгрузили #4 (легковая, 755 кг, 1 мест). Паром [2/6 авто, 3/8 мест, 3567/12000 кг] #5 #18
[t=0075] Выгружаем #5 (легковая, 1549 кг, 1 мест)
[t=0076] Приехала машина #36 (легковая, 1196 кг, 1 мест) на левый берег (в очереди: 14)
[t=0076] Приехала машина #37 (легковая, 1242 кг, 1 мест) на правый берег (в очереди: 13)
[t=0076] Выгрузили #5 (легковая, 1549 кг, 1 мест). Паром [1/6 авто, 2/8 мест, 2018/12000 кг] #18
[t=0077] Выгружаем #18 (экстренная, 2018 кг, 2 мест)
[t=0078] Выгрузили #18 (экстренная, 2018 кг, 2 мест). Паром [0/6 авто, 0/8 мест, 0/12000 кг]
[t=0078] Погрузка, берег: левый (в очереди: 14)
[t=0079] Приехала машина #38 (легковая, 1529 кг, 1 мест) на левый берег (в очереди: 15)
[t=0079] Грузим #21 (экстренная, 1542 кг, 1 мест) (ждала 43 мин)
[t=0081] Погрузили #21 (экстренная, 1542 кг, 1 мест). Паром [1/6 авто, 1/8 мест, 1542/12000 кг] #21
[t=0082] Грузим #22 (экстренная, 1096 кг, 1 мест) (ждала 41 мин)
[t=0083] Приехала машина #39 (экстренная, 4281 кг, 3 мест) на правый берег (в очереди: 14)
[t=0084] Погрузили #22 (экстренная, 1096 кг, 1 мест). Паром [2/6 авто, 2/8 мест, 2638/12000 кг] #21 #22
[t=0085] Грузим #23 (экстренная, 875 кг, 1 мест) (ждала 42 мин)
[t=0086] Приехала машина #40 (легковая, 1102 кг, 1 мест) на правый берег (в очереди: 15)
[t=0087] Погрузили #23 (экстренная, 875 кг, 1 мест). Паром [3/6 авто, 3/8 мест, 3513/12000 кг] #21 #22 #23
[t=0088] Грузим #12 (большая, 3476 кг, 4 мест) (ждала 67 мин)
[t=0090] Погрузили #12 (большая, 3476 кг, 4 мест). Паром [4/6 авто, 7/8 мест, 6989/12000 кг] #21 #22 #23 #12
[t=0091] Отказ в погрузке: #13 (большая, 2892 кг, 3 мест), причина: нет места
[t=0091] Конец погрузки (следующая машина не влезает). Паром [4/6 авто, 7/8 мест, 6989/12000 кг] #21 #22 #23 #12
[t=0092] Отправление, рейс 3, берег отправления: левый
[t=0102] Паром приплыл, берег: правый, на борту 4 авто
[t=0103] Выгружаем #21 (экстренная, 1542 кг, 1 мест)
[t=0104] Выгрузили #21 (экстренная, 1542 кг, 1 мест). Паром [3/6 авто, 6/8 мест, 5447/12000 кг] #22 #23 #12
[t=0105] Выгружаем #22 (экстренная, 1096 кг, 1 мест)
[t=0106] Выгрузили #22 (экстренная, 1096 кг, 1 мест). Паром [2/6 авто, 5/8 мест, 4351/12000 кг] #23 #12
[t=0107] Выгружаем #23 (экстренная, 875 кг, 1 мест)
[t=0108] Выгрузили #23 (экстренная, 875 кг, 1 мест). Паром [1/6 авто, 4/8 мест, 3476/12000 кг] #12
[t=0109] Выгружаем #12 (большая, 3476 кг, 4 мест)
[t=0110] Выгрузили #12 (большая, 3476 кг, 4 мест). Паром [0/6 авто, 0/8 мест, 0/12000 кг]
[t=0110] Погрузка, берег: правый (в очереди: 15)
[t=0111] Грузим #9 (большая, 3042 кг, 2 мест) (ждала 99 мин)
[t=0113] Погрузили #9 (большая, 3042 кг, 2 мест). Паром [1/6 авто, 2/8 мест, 3042/12000 кг] #9
[t=0114] Грузим #11 (легковая, 917 кг, 1 мест) (ждала 96 мин)
[t=0116] Погрузили #11 (легковая, 917 кг, 1 мест). Паром [2/6 авто, 3/8 мест, 3959/12000 кг] #9 #11
[t=0117] Грузим #27 (экстренная, 1154 кг, 1 мест) (ждала 65 мин)
[t=0119] Погрузили #27 (экстренная, 1154 кг, 1 мест). Паром [3/6 авто, 4/8 мест, 5113/12000 кг] #9 #11 #27
[t=0120] Грузим #14 (легковая, 814 кг, 1 мест) (ждала 97 мин)
[t=0122] Погрузили #14 (легковая, 814 кг, 1 мест). Паром [4/6 авто, 5/8 мест, 5927/12000 кг] #9 #11 #27 #14
[t=0123] Грузим #15 (легковая, 1527 кг, 1 мест) (ждала 98 мин)
[t=0125] Погрузили #15 (легковая, 1527 кг, 1 мест). Паром [5/6 авто, 6/8 мест, 7454/12000 кг] #9 #11 #27 #14 #15
[t=0126] Грузим #30 (экстренная, 1006 кг, 1 мест) (ждала 68 мин)
[t=0128] Погрузили #30 (экстренная, 1006 кг, 1 мест). Паром [6/6 авто, 7/8 мест, 8460/12000 кг] #9 #11 #27 #14 #15 #30
[t=0129] Конец погрузки (паром заполнен). Паром [6/6 авто, 7/8 мест, 8460/12000 кг] #9 #11 #27 #14 #15 #30
[t=0130] Отправление, рейс 4, берег отправления: правый
[t=0140] Паром приплыл, берег: левый, на борту 6 авто
[t=0141] Выгружаем #9 (большая, 3042 кг, 2 мест)
[t=0142] Выгрузили #9 (большая, 3042 кг, 2 мест). Паром [5/6 авто, 5/8 мест, 5418/12000 кг] #11 #27 #14 #15 #30
[t=0143] Выгружаем #11 (легковая, 917 кг, 1 мест)
[t=0144] Выгрузили #11 (легковая, 917 кг, 1 мест). Паром [4/6 авто, 4/8 мест, 4501/12000 кг] #27 #14 #15 #30
[t=0145] Выгружаем #27 (экстренная, 1154 кг, 1 мест)
[t=0146] Выгрузили #27 (экстренная, 1154 кг, 1 мест). Паром [3/6 авто, 3/8 мест, 3347/12000 кг] #14 #15 #30
[t=0147] Выгружаем #14 (легковая, 814 кг, 1 мест)
[t=0148] Выгрузили #14 (легковая, 814 кг, 1 мест). Паром [2/6 авто, 2/8 мест, 2533/12000 кг] #15 #30
[t=0149] Выгружаем #15 (легковая, 1527 кг, 1 мест)
[t=0150] Выгрузили #15 (легковая, 1527 кг, 1 мест). Паром [1/6 авто, 1/8 мест, 1006/12000 кг] #30
[t=0151] Выгружаем #30 (экстренная, 1006 кг, 1 мест)
[t=0152] Выгрузили #30 (экстренная, 1006 кг, 1 мест). Паром [0/6 авто, 0/8 мест, 0/12000 кг]
[t=0152] Погрузка, берег: левый (в очереди: 11)
[t=0153] Грузим #13 (большая, 2892 кг, 3 мест) (ждала 130 мин)
[t=0155] Погрузили #13 (большая, 2892 кг, 3 мест). Паром [1/6 авто, 3/8 мест, 2892/12000 кг] #13
[t=0156] Грузим #29 (экстренная, 1580 кг, 1 мест) (ждала 99 мин)
[t=0158] Погрузили #29 (экстренная, 1580 кг, 1 мест). Паром [2/6 авто, 4/8 мест, 4472/12000 кг] #13 #29
[t=0159] Грузим #16 (легковая, 797 кг, 1 мест) (ждала 130 мин)
[t=0161] Погрузили #16 (легковая, 797 кг, 1 мест). Паром [3/6 авто, 5/8 мест, 5269/12000 кг] #13 #29 #16
[t=0162] Грузим #19 (легковая, 867 кг, 1 мест) (ждала 129 мин)
[t=0164] Погрузили #19 (легковая, 867 кг, 1 мест). Паром [4/6 авто, 6/8 мест, 6136/12000 кг] #13 #29 #16 #19
[t=0165] Отказ в погрузке: #31 (экстренная, 4719 кг, 3 мест), причина: нет места
[t=0165] Конец погрузки (следующая машина не влезает). Паром [4/6 авто, 6/8 мест, 6136/12000 кг] #13 #29 #16 #19
[t=0166] Отправление, рейс 5, берег отправления: левый
[t=0176] Паром приплыл, берег: правый, на борту 4 авто
[t=0177] Выгружаем #13 (большая, 2892 кг, 3 мест)
[t=0178] Выгрузили #13 (большая, 2892 кг, 3 мест). Паром [3/6 авто, 3/8 мест, 3244/12000 кг] #29 #16 #19
[t=0179] Выгружаем #29 (экстренная, 1580 кг, 1 мест)
[t=0180] Выгрузили #29 (экстренная, 1580 кг, 1 мест). Паром [2/6 авто, 2/8 мест, 1664/12000 кг] #16 #19
[t=0181] Выгружаем #16 (легковая, 797 кг, 1 мест)
[t=0182] Выгрузили #16 (легковая, 797 кг, 1 мест). Паром [1/6 авто, 1/8 мест, 867/12000 кг] #19
[t=0183] Выгружаем #19 (легковая, 867 кг, 1 мест)
[t=0184] Выгрузили #19 (легковая, 867 кг, 1 мест). Паром [0/6 авто, 0/8 мест, 0/12000 кг]
[t=0184] Погрузка, берег: правый (в очереди: 9)
[t=0185] Грузим #17 (легковая, 1585 кг, 1 мест) (ждала 156 мин)
[t=0187] Погрузили #17 (легковая, 1585 кг, 1 мест). Паром [1/6 авто, 1/8 мест, 1585/12000 кг] #17
[t=0188] Грузим #20 (легковая, 1409 кг, 1 мест) (ждала 153 мин)
[t=0190] Погрузили #20 (легковая, 1409 кг, 1 мест). Паром [2/6 авто, 2/8 мест, 2994/12000 кг] #17 #20
[t=0191] Грузим #24 (большая, 4120 кг, 4 мест) (ждала 148 мин)
[t=0193] Погрузили #24 (большая, 4120 кг, 4 мест). Паром [3/6 авто, 6/8 мест, 7114/12000 кг] #17 #20 #24
[t=0194] Грузим #26 (легковая, 959 кг, 1 мест) (ждала 145 мин)
[t=0196] Погрузили #26 (легковая, 959 кг, 1 мест). Паром [4/6 авто, 7/8 мест, 8073/12000 кг] #17 #20 #24 #26
[t=0197] Отказ в погрузке: #39 (экстренная, 4281 кг, 3 мест), причина: нет места
[t=0197] Конец погрузки (следующая машина не влезает). Паром [4/6 авто, 7/8 мест, 8073/12000 кг] #17 #20 #24 #26
[t=0198] Отправление, рейс 6, берег отправления: правый
[t=0208] Паром приплыл, берег: левый, на борту 4 авто
[t=0209] Выгружаем #17 (легковая, 1585 кг, 1 мест)
[t=0210] Выгрузили #17 (легковая, 1585 кг, 1 мест). Паром [3/6 авто, 6/8 мест, 6488/12000 кг] #20 #24 #26
[t=0211] Выгружаем #20 (легковая, 1409 кг, 1 мест)
[t=0212] Выгрузили #20 (легковая, 1409 кг, 1 мест). Паром [2/6 авто, 5/8 мест, 5079/12000 кг] #24 #26
[t=0213] Выгружаем #24 (большая, 4120 кг, 4 мест)
[t=0214] Выгрузили #24 (большая, 4120 кг, 4 мест). Паром [1/6 авто, 1/8 мест, 959/12000 кг] #26
[t=0215] Выгружаем #26 (легковая, 959 кг, 1 мест)
[t=0216] Выгрузили #26 (легковая, 959 кг, 1 мест). Паром [0/6 авто, 0/8 мест, 0/12000 кг]
[t=0216] Погрузка, берег: левый (в очереди: 7)
[t=0217] Грузим #31 (экстренная, 4719 кг, 3 мест) (ждала 154 мин)
[t=0219] Погрузили #31 (экстренная, 4719 кг, 3 мест). Паром [1/6 авто, 3/8 мест, 4719/12000 кг] #31
[t=0220] Грузим #33 (экстренная, 1299 кг, 1 мест) (ждала 153 мин)
[t=0222] Погрузили #33 (экстренная, 1299 кг, 1 мест). Паром [2/6 авто, 4/8 мест, 6018/12000 кг] #31 #33
[t=0223] Грузим #25 (легковая, 1407 кг, 1 мест) (ждала 176 мин)
[t=0225] Погрузили #25 (легковая, 1407 кг, 1 мест). Паром [3/6 авто, 5/8 мест, 7425/12000 кг] #31 #33 #25
[t=0226] Грузим #28 (легковая, 921 кг, 1 мест) (ждала 171 мин)
[t=0228] Погрузили #28 (легковая, 921 кг, 1 мест). Паром [4/6 авто, 6/8 мест, 8346/12000 кг] #31 #33 #25 #28
[t=0229] Грузим #34 (легковая, 1305 кг, 1 мест) (ждала 160 мин)
[t=0231] Погрузили #34 (легковая, 1305 кг, 1 мест). Паром [5/6 авто, 7/8 мест, 9651/12000 кг] #31 #33 #25 #28 #34
[t=0232] Грузим #36 (легковая, 1196 кг, 1 мест) (ждала 156 мин)
[t=0234] Погрузили #36 (легковая, 1196 кг, 1 мест). Паром [6/6 авто, 8/8 мест, 10847/12000 кг] #31 #33 #25 #28 #34 #36
[t=0235] Конец погрузки (паром заполнен). Паром [6/6 авто, 8/8 мест, 10847/12000 кг] #31 #33 #25 #28 #34 #36
[t=0236] Отправление, рейс 7, берег отправления: левый
[t=0246] Паром приплыл, берег: правый, на борту 6 авто
[t=0247] Выгружаем #31 (экстренная, 4719 кг, 3 мест)
[t=0248] Выгрузили #31 (экстренная, 4719 кг, 3 мест). Паром [5/6 авто, 5/8 мест, 6128/12000 кг] #33 #25 #28 #34 #36
[t=0249] Выгружаем #33 (экстренная, 1299 кг, 1 мест)
[t=0250] Выгрузили #33 (экстренная, 1299 кг, 1 мест). Паром [4/6 авто, 4/8 мест, 4829/12000 кг] #25 #28 #34 #36
[t=0251] Выгружаем #25 (легковая, 1407 кг, 1 мест)
[t=0252] Выгрузили #25 (легковая, 1407 кг, 1 мест). Паром [3/6 авто, 3/8 мест, 3422/12000 кг] #28 #34 #36
[t=0253] Выгружаем #28 (легковая, 921 кг, 1 мест)
[t=0254] Выгрузили #28 (легковая, 921 кг, 1 мест). Паром [2/6 авто, 2/8 мест, 2501/12000 кг] #34 #36
[t=0255] Выгружаем #34 (легковая, 1305 кг, 1 мест)
[t=0256] Выгрузили #34 (легковая, 1305 кг, 1 мест). Паром [1/6 авто, 1/8 мест, 1196/12000 кг] #36
[t=0257] Выгружаем #36 (легковая, 1196 кг, 1 мест)
[t=0258] Выгрузили #36 (легковая, 1196 кг, 1 мест). Паром [0/6 авто, 0/8 мест, 0/12000 кг]
[t=0258] Погрузка, берег: правый (в очереди: 5)
[t=0259] Грузим #39 (экстренная, 4281 кг, 3 мест) (ждала 176 мин)
[t=0261] Погрузили #39 (экстренная, 4281 кг, 3 мест). Паром [1/6 авто, 3/8 мест, 4281/12000 кг] #39
[t=0262] Грузим #32 (большая, 3308 кг, 4 мест) (ждала 199 мин)
[t=0264] Погрузили #32 (большая, 3308 кг, 4 мест). Паром [2/6 авто, 7/8 мест, 7589/12000 кг] #39 #32
[t=0265] Грузим #35 (легковая, 1407 кг, 1 мест) (ждала 195 мин)
[t=0267] Погрузили #35 (легковая, 1407 кг, 1 мест). Паром [3/6 авто, 8/8 мест, 8996/12000 кг] #39 #32 #35
[t=0268] Конец погрузки (паром заполнен). Паром [3/6 авто, 8/8 мест, 8996/12000 кг] #39 #32 #35
[t=0269] Отправление, рейс 8, берег отправления: правый
[t=0279] Паром приплыл, берег: левый, на борту 3 авто
[t=0280] Выгружаем #39 (экстренная, 4281 кг, 3 мест)
[t=0281] Выгрузили #39 (экстренная, 4281 кг, 3 мест). Паром [2/6 авто, 5/8 мест, 4715/12000 кг] #32 #35
[t=0282] Выгружаем #32 (большая, 3308 кг, 4 мест)
[t=0283] Выгрузили #32 (большая, 3308 кг, 4 мест). Паром [1/6 авто, 1/8 мест, 1407/12000 кг] #35
[t=0284] Выгружаем #35 (легковая, 1407 кг, 1 мест)
[t=0285] Выгрузили #35 (легковая, 1407 кг, 1 мест). Паром [0/6 авто, 0/8 мест, 0/12000 кг]
[t=0285] Погрузка, берег: левый (в очереди: 1)
[t=0286] Грузим #38 (легковая, 1529 кг, 1 мест) (ждала 207 мин)
[t=0288] Погрузили #38 (легковая, 1529 кг, 1 мест). Паром [1/6 авто, 1/8 мест, 1529/12000 кг] #38
[t=0289] Конец погрузки (очередь пуста). Паром [1/6 авто, 1/8 мест, 1529/12000 кг] #38
[t=0290] Отправление, рейс 9, берег отправления: левый
[t=0300] Паром приплыл, берег: правый, на борту 1 авто
[t=0301] Выгружаем #38 (легковая, 1529 кг, 1 мест)
[t=0302] Выгрузили #38 (легковая, 1529 кг, 1 мест). Паром [0/6 авто, 0/8 мест, 0/12000 кг]
[t=0302] Погрузка, берег: правый (в очереди: 2)
[t=0303] Грузим #37 (легковая, 1242 кг, 1 мест) (ждала 227 мин)
[t=0305] Погрузили #37 (легковая, 1242 кг, 1 мест). Паром [1/6 авто, 1/8 мест, 1242/12000 кг] #37
[t=0306] Грузим #40 (легковая, 1102 кг, 1 мест) (ждала 220 мин)
[t=0308] Погрузили #40 (легковая, 1102 кг, 1 мест). Паром [2/6 авто, 2/8 мест, 2344/12000 кг] #37 #40
[t=0309] Конец погрузки (очередь пуста). Паром [2/6 авто, 2/8 мест, 2344/12000 кг] #37 #40
[t=0310] Отправление, рейс 10, берег отправления: правый
[t=0320] Паром приплыл, берег: левый, на борту 2 авто
[t=0321] Выгружаем #37 (легковая, 1242 кг, 1 мест)
[t=0322] Выгрузили #37 (легковая, 1242 кг, 1 мест). Паром [1/6 авто, 1/8 мест, 1102/12000 кг] #40
[t=0323] Выгружаем #40 (легковая, 1102 кг, 1 мест)
[t=0324] Выгрузили #40 (легковая, 1102 кг, 1 мест). Паром [0/6 авто, 0/8 мест, 0/12000 кг]
[t=0324] Погрузка, берег: левый (в очереди: 0)

Итоги:
Причина завершения: все автомобили перевезены
Время: 324 мин
Рейсов: 10 (пустых: 0)
Отказов в погрузке: 4
Перевезено машин: 40 (слева 20, справа 20)
Не перевезено: 0 (в очередях 0+0, на пароме 0, не приехали 0)
Среднее ожидание: обычные 125.8 мин, экстренные 67.7 мин
