=== Паромная переправа (seed=5) ===
[t=0000] Паром у берега: левый, начинаем погрузку
[t=0000] Приехала машина #1 (большая, 2928 кг, 2 мест) на левый берег (в очереди: 1)
[t=0000] Приехала машина #2 (большая, 1790 кг, 2 мест) на левый берег (в очереди: 2)
[t=0000] Приехала машина #3 (легковая, 1711 кг, 1 мест) на левый берег (в очереди: 3)
[t=0000] Приехала машина #4 (легковая, 1800 кг, 1 мест) на правый берег (в очереди: 1)
[t=0000] Приехала машина #5 (большая, 6908 кг, 4 мест) на правый берег (в очереди: 2)
[t=0000] Приехала машина #6 (легковая, 1905 кг, 1 мест) на правый берег (в очереди: 3)
[t=0001] Грузим #1 (большая, 2928 кг, 2 мест) (ждала 1 мин)
[t=0003] Погрузили #1 (большая, 2928 кг, 2 мест). Паром [1/6 авто, 2/8 мест, 2928/9000 кг] #1
[t=0004] Грузим #2 (большая, 1790 кг, 2 мест) (ждала 4 мин)
[t=0005] Приехала машина #7 (легковая, 1315 кг, 1 мест) на правый берег (в очереди: 4)
[t=0006] Приехала машина #8 (легковая, 760 кг, 1 мест) на левый берег (в очереди: 2)
[t=0006] Погрузили #2 (большая, 1790 кг, 2 мест). Паром [2/6 авто, 4/8 мест, 4718/9000 кг] #1 #2
[t=0007] Грузим #3 (легковая, 1711 кг, 1 мест) (ждала 7 мин)
[t=0008] Приехала машина #9 (легковая, 1639 кг, 1 мест) на левый берег (в очереди: 2)
[t=0008] Приехала машина #10 (большая, 4509 кг, 3 мест) на правый берег (в очереди: 5)
[t=0009] Погрузили #3 (легковая, 1711 кг, 1 мест). Паром [3/6 авто, 5/8 мест, 6429/9000 кг] #1 #2 #3
[t=0010] Грузим #8 (легковая, 760 кг, 1 мест) (ждала 4 мин)
[t=0012] Погрузили #8 (легковая, 760 кг, 1 мест). Паром [4/6 авто, 6/8 мест, 7189/9000 кг] #1 #2 #3 #8
[t=0013] Приехала машина #11 (легковая, 1874 кг, 1 мест) на левый берег (в очереди: 2)
[t=0013] Грузим #9 (легковая, 1639 кг, 1 мест) (ждала 5 мин)
[t=0015] Приехала машина #12 (легковая, 1555 кг, 1 мест) на правый берег (в очереди: 6)
[t=0015] Погрузили #9 (легковая, 1639 кг, 1 мест). Паром [5/6 авто, 7/8 мест, 8828/9000 кг] #1 #2 #3 #8 #9
[t=0016] Отказ в погрузке: #11 (легковая, 1874 кг, 1 мест), причина: перегруз по массе
[t=0016] Конец погрузки (следующая машина не влезает). Паром [5/6 авто, 7/8 мест, 8828/9000 кг] #1 #2 #3 #8 #9
[t=0017] Отправление, рейс 1, берег отправления: левый
[t=0018] Приехала машина #13 (легковая, 1233 кг, 1 мест) на правый берег (в очереди: 7)
[t=0019] Приехала машина #14 (легковая, 1408 кг, 1 мест) на левый берег (в очереди: 2)
[t=0022] Приехала машина #15 (легковая, 1927 кг, 1 мест) на левый берег (в очереди: 3)
[t=0023] Приехала машина #16 (большая, 3765 кг, 3 мест) на правый берег (в очереди: 8)
[t=0027] Паром приплыл, берег: правый, на борту 5 авто
[t=0028] Приехала машина #17 (легковая, 1946 кг, 1 мест) на правый берег (в очереди: 9)
[t=0028] Выгружаем #1 (большая, 2928 кг, 2 мест)
[t=0029] Выгрузили #1 (большая, 2928 кг, 2 мест). Паром [4/6 авто, 5/8 мест, 5900/9000 кг] #2 #3 #8 #9
[t=0030] Приехала машина #18 (легковая, 1981 кг, 1 мест) на левый берег (в очереди: 4)
[t=0030] Приехала машина #19 (легковая, 1065 кг, 1 мест) на правый берег (в очереди: 10)
[t=0030] Выгружаем #2 (большая, 1790 кг, 2 мест)
[t=0031] Выгрузили #2 (большая, 1790 кг, 2 мест). Паром [3/6 авто, 3/8 мест, 4110/9000 кг] #3 #8 #9
[t=0032] Выгружаем #3 (легковая, 1711 кг, 1 мест)
[t=0033] Выгрузили #3 (легковая, 1711 кг, 1 мест). Паром [2/6 авто, 2/8 мест, 2399/9000 кг] #8 #9
[t=0034] Выгружаем #8 (легковая, 760 кг, 1 мест)
[t=0035] Выгрузили #8 (легковая, 760 кг, 1 мест). Паром [1/6 авто, 1/8 мест, 1639/9000 кг] #9
[t=0036] Приехала машина #20 (большая, 5151 кг, 3 мест) на правый берег (в очереди: 11)
[t=0036] Выгружаем #9 (легковая, 1639 кг, 1 мест)
[t=0037] Выгрузили #9 (легковая, 1639 кг, 1 мест). Паром [0/6 авто, 0/8 мест, 0/9000 кг]
[t=0037] Погрузка, берег: правый (в очереди: 11)
[t=0038] Приехала машина #21 (большая, 2556 кг, 2 мест) на левый берег (в очереди: 5)
[t=0038] Грузим #4 (легковая, 1800 кг, 1 мест) (ждала 38 мин)
[t=0040] Погрузили #4 (легковая, 1800 кг, 1 мест). Паром [1/6 авто, 1/8 мест, 1800/9000 кг] #4
[t=0041] Грузим #5 (большая, 6908 кг, 4 мест) (ждала 41 мин)
[t=0043] Погрузили #5 (большая, 6908 кг, 4 мест). Паром [2/6 авто, 5/8 мест, 8708/9000 кг] #4 #5
[t=0044] Приехала машина #22 (большая, 2616 кг, 2 мест) на левый берег (в очереди: 6)
[t=0044] Приехала машина #23 (легковая, 1852 кг, 1 мест) на правый берег (в очереди: 10)
[t=0044] Отказ в погрузке: #6 (легковая, 1905 кг, 1 мест), причина: перегруз по массе
[t=0044] Конец погрузки (следующая машина не влезает). Паром [2/6 авто, 5/8 мест, 8708/9000 кг] #4 #5
[t=0045] Отправление, рейс 2, берег отправления: правый
[t=0046] Приехала машина #24 (легковая, 1071 кг, 1 мест) на левый берег (в очереди: 7)
[t=0049] Приехала машина #25 (легковая, 1610 кг, 1 мест) на правый берег (в очереди: 11)
[t=0051] Приехала машина #26 (экстренная, 1531 кг, 1 мест) на левый берег (в очереди: 8)
[t=0053] Приехала машина #27 (большая, 3524 кг, 2 мест) на левый берег (в очереди: 9)
[t=0053] Приехала машина #28 (легковая, 1149 кг, 1 мест) на правый берег (в очереди: 12)
[t=0055] Паром приплыл, берег: левый, на борту 2 авто
[t=0056] Выгружаем #4 (легковая, 1800 кг, 1 мест)
[t=0057] Приехала машина #29 (экстренная, 3924 кг, 2 мест) на левый берег (в очереди: 10)
[t=0057] Выгрузили #4 (легковая, 1800 кг, 1 мест). Паром [1/6 авто, 4/8 мест, 6908/9000 кг] #5
[t=0058] Выгружаем #5 (большая, 6908 кг, 4 мест)
[t=0059] Выгрузили #5 (большая, 6908 кг, 4 мест). Паром [0/6 авто, 0/8 мест, 0/9000 кг]
[t=0059] Погрузка, берег: левый (в очереди: 10)
[t=0060] Приехала машина #30 (большая, 3200 кг, 4 мест) на правый берег (в очереди: 13)
[t=0060] Грузим #11 (легковая, 1874 кг, 1 мест) (ждала 47 мин)
[t=0062] Погрузили #11 (легковая, 1874 кг, 1 мест). Паром [1/6 авто, 1/8 мест, 1874/9000 кг] #11
[t=0063] Грузим #14 (легковая, 1408 кг, 1 мест) (ждала 44 мин)
[t=0065] Погрузили #14 (легковая, 1408 кг, 1 мест). Паром [2/6 авто, 2/8 мест, 3282/9000 кг] #11 #14
[t=0066] Грузим #26 (экстренная, 1531 кг, 1 мест) (ждала 15 мин)
[t=0068] Погрузили #26 (экстренная, 1531 кг, 1 мест). Паром [3/6 авто, 3/8 мест, 4813/9000 кг] #11 #14 #26
[t=0069] Грузим #15 (легковая, 1927 кг, 1 мест) (ждала 47 мин)
[t=0071] Погрузили #15 (легковая, 1927 кг, 1 мест). Паром [4/6 авто, 4/8 мест, 6740/9000 кг] #11 #14 #26 #15
[t=0072] Отказ в погрузке: #29 (экстренная, 3924 кг, 2 мест), причина: перегруз по массе
[t=0072] Диспетчер пропустил #29 и грузит #18 (легковая, 1981 кг, 1 мест)
[t=0072] Грузим #18 (легковая, 1981 кг, 1 мест) (ждала 42 мин)
[t=0074] Погрузили #18 (легковая, 1981 кг, 1 мест). Паром [5/6 авто, 5/8 мест, 8721/9000 кг] #11 #14 #26 #15 #18
[t=0075] Отказ в погрузке: #29 (экстренная, 3924 кг, 2 мест), причина: перегруз по массе
[t=0075] Конец погрузки (следующая машина не влезает). Паром [5/6 авто, 5/8 мест, 8721/9000 кг] #11 #14 #26 #15 #18
[t=0076] Отправление, рейс 3, берег отправления: левый
[t=0086] Паром приплыл, берег: правый, на борту 5 авто
[t=0087] Выгружаем #11 (легковая, 1874 кг, 1 мест)
[t=0088] Выгрузили #11 (легковая, 1874 кг, 1 мест). Паром [4/6 авто, 4/8 мест, 6847/9000 кг] #14 #26 #15 #18
[t=0089] Выгружаем #14 (легковая, 1408 кг, 1 мест)
[t=0090] Выгрузили #14 (легковая, 1408 кг, 1 мест). Паром [3/6 авто, 3/8 мест, 5439/9000 кг] #26 #15 #18
[t=0091] Выгружаем #26 (экстренная, 1531 кг, 1 мест)
[t=0092] Выгрузили #26 (экстренная, 1531 кг, 1 мест). Паром [2/6 авто, 2/8 мест, 3908/9000 кг] #15 #18
[t=0093] Выгружаем #15 (легковая, 1927 кг, 1 мест)
[t=0094] Выгрузили #15 (легковая, 1927 кг, 1 мест). Паром [1/6 авто, 1/8 мест, 1981/9000 кг] #18
[t=0095] Выгружаем #18 (легковая, 1981 кг, 1 мест)
[t=0096] Выгрузили #18 (легковая, 1981 кг, 1 мест). Паром [0/6 авто, 0/8 мест, 0/9000 кг]
[t=0096] Погрузка, берег: правый (в очереди: 13)
[t=0097] Грузим #6 (легковая, 1905 кг, 1 мест) (ждала 97 мин)
[t=0099] Погрузили #6 (легковая, 1905 кг, 1 мест). Паром [1/6 авто, 1/8 мест, 1905/9000 кг] #6
[t=0100] Грузим #7 (легковая, 1315 кг, 1 мест) (ждала 95 мин)
[t=0102] Погрузили #7 (легковая, 1315 кг, 1 мест). Паром [2/6 авто, 2/8 мест, 3220/9000 кг] #6 #7
[t=0103] Грузим #10 (большая, 4509 кг, 3 мест) (ждала 95 мин)
[t=0105] Погрузили #10 (большая, 4509 кг, 3 мест). Паром [3/6 авто, 5/8 мест, 7729/9000 кг] #6 #7 #10
[t=0106] Отказ в погрузке: #12 (легковая, 1555 кг, 1 мест), причина: перегруз по массе
[t=0106] Диспетчер пропустил #12 и грузит #13 (легковая, 1233 кг, 1 мест)
[t=0106] Грузим #13 (легковая, 1233 кг, 1 мест) (ждала 88 мин)
[t=0108] Погрузили #13 (легковая, 1233 кг, 1 мест). Паром [4/6 авто, 6/8 мест, 8962/9000 кг] #6 #7 #10 #13
[t=0109] Отказ в погрузке: #12 (легковая, 1555 кг, 1 мест), причина: перегруз по массе
[t=0109] Конец погрузки (следующая машина не влезает). Паром [4/6 авто, 6/8 мест, 8962/9000 кг] #6 #7 #10 #13
[t=0110] Отправление, рейс 4, берег отправления: правый
[t=0120] Паром приплыл, берег: левый, на борту 4 авто
[t=0121] Выгружаем #6 (легковая, 1905 кг, 1 мест)
[t=0122] Выгрузили #6 (легковая, 1905 кг, 1 мест). Паром [3/6 авто, 5/8 мест, 7057/9000 кг] #7 #10 #13
[t=0123] Выгружаем #7 (легковая, 1315 кг, 1 мест)
[t=0124] Выгрузили #7 (легковая, 1315 кг, 1 мест). Паром [2/6 авто, 4/8 мест, 5742/9000 кг] #10 #13
[t=0125] Выгружаем #10 (большая, 4509 кг, 3 мест)
[t=0126] Выгрузили #10 (большая, 4509 кг, 3 мест). Паром [1/6 авто, 1/8 мест, 1233/9000 кг] #13
[t=0127] Выгружаем #13 (легковая, 1233 кг, 1 мест)
[t=0128] Выгрузили #13 (легковая, 1233 кг, 1 мест). Паром [0/6 авто, 0/8 мест, 0/9000 кг]
[t=0128] Погрузка, берег: левый (в очереди: 5)
[t=0129] Грузим #29 (экстренная, 3924 кг, 2 мест) (ждала 72 мин)
[t=0131] Погрузили #29 (экстренная, 3924 кг, 2 мест). Паром [1/6 авто, 2/8 мест, 3924/9000 кг] #29
[t=0132] Грузим #21 (большая, 2556 кг, 2 мест) (ждала 94 мин)
[t=0134] Погрузили #21 (большая, 2556 кг, 2 мест). Паром [2/6 авто, 4/8 мест, 6480/9000 кг] #29 #21
[t=0135] Отказ в погрузке: #22 (большая, 2616 кг, 2 мест), причина: перегруз по массе
[t=0135] Диспетчер пропустил #22 и грузит #24 (легковая, 1071 кг, 1 мест)
[t=0135] Грузим #24 (легковая, 1071 кг, 1 мест) (ждала 89 мин)
[t=0137] Погрузили #24 (легковая, 1071 кг, 1 мест). Паром [3/6 авто, 5/8 мест, 7551/9000 кг] #29 #21 #24
[t=0138] Отказ в погрузке: #22 (большая, 2616 кг, 2 мест), причина: перегруз по массе
[t=0138] Конец погрузки (следующая машина не влезает). Паром [3/6 авто, 5/8 мест, 7551/9000 кг] #29 #21 #24
[t=0139] Отправление, рейс 5, берег отправления: левый
[t=0149] Паром приплыл, берег: правый, на борту 3 авто
[t=0150] Выгружаем #29 (экстренная, 3924 кг, 2 мест)
[t=0151] Выгрузили #29 (экстренная, 3924 кг, 2 мест). Паром [2/6 авто, 3/8 мест, 3627/9000 кг] #21 #24
[t=0152] Выгружаем #21 (большая, 2556 кг, 2 мест)
[t=0153] Выгрузили #21 (большая, 2556 кг, 2 мест). Паром [1/6 авто, 1/8 мест, 1071/9000 кг] #24
[t=0154] Выгружаем #24 (легковая, 1071 кг, 1 мест)
[t=0155] Выгрузили #24 (легковая, 1071 кг, 1 мест). Паром [0/6 авто, 0/8 мест, 0/9000 кг]
[t=0155] Погрузка, берег: правый (в очереди: 9)
[t=0156] Грузим #12 (легковая, 1555 кг, 1 мест) (ждала 141 мин)
[t=0158] Погрузили #12 (легковая, 1555 кг, 1 мест). Паром [1/6 авто, 1/8 мест, 1555/9000 кг] #12
[t=0159] Грузим #16 (большая, 3765 кг, 3 мест) (ждала 136 мин)
[t=0161] Погрузили #16 (большая, 3765 кг, 3 мест). Паром [2/6 авто, 4/8 мест, 5320/9000 кг] #12 #16
[t=0162] Грузим #17 (легковая, 1946 кг, 1 мест) (ждала 134 мин)
[t=0164] Погрузили #17 (легковая, 1946 кг, 1 мест). Паром [3/6 авто, 5/8 мест, 7266/9000 кг] #12 #16 #17
[t=0165] Грузим #19 (легковая, 1065 кг, 1 мест) (ждала 135 мин)
[t=0167] Погрузили #19 (легковая, 1065 кг, 1 мест). Паром [4/6 авто, 6/8 мест, 8331/9000 кг] #12 #16 #17 #19
[t=0168] Отказ в погрузке: #20 (большая, 5151 кг, 3 мест), причина: нет места
[t=0168] Конец погрузки (следующая машина не влезает). Паром [4/6 авто, 6/8 мест, 8331/9000 кг] #12 #16 #17 #19
[t=0169] Отправление, рейс 6, берег отправления: правый
[t=0179] Паром приплыл, берег: левый, на борту 4 авто
[t=0180] Выгружаем #12 (легковая, 1555 кг, 1 мест)
[t=0181] Выгрузили #12 (легковая, 1555 кг, 1 мест). Паром [3/6 авто, 5/8 мест, 6776/9000 кг] #16 #17 #19
[t=0182] Выгружаем #16 (большая, 3765 кг, 3 мест)
[t=0183] Выгрузили #16 (большая, 3765 кг, 3 мест). Паром [2/6 авто, 2/8 мест, 3011/9000 кг] #17 #19
[t=0184] Выгружаем #17 (легковая, 1946 кг, 1 мест)
[t=0185] Выгрузили #17 (легковая, 1946 кг, 1 мест). Паром [1/6 авто, 1/8 мест, 1065/9000 кг] #19
[t=0186] Выгружаем #19 (легковая, 1065 кг, 1 мест)
[t=0187] Выгрузили #19 (легковая, 1065 кг, 1 мест). Паром [0/6 авто, 0/8 мест, 0/9000 кг]
[t=0187] Погрузка, берег: левый (в очереди: 2)
[t=0188] Грузим #22 (большая, 2616 кг, 2 мест) (ждала 144 мин)
[t=0190] Погрузили #22 (большая, 2616 кг, 2 мест). Паром [1/6 авто, 2/8 мест, 2616/9000 кг] #22
[t=0191] Грузим #27 (большая, 3524 кг, 2 мест) (ждала 138 мин)
[t=0193] Погрузили #27 (большая, 3524 кг, 2 мест). Паром [2/6 авто, 4/8 мест, 6140/9000 кг] #22 #27
[t=0194] Конец погрузки (очередь пуста). Паром [2/6 авто, 4/8 мест, 6140/9000 кг] #22 #27
[t=0195] Отправление, рейс 7, берег отправления: левый
[t=0205] Паром приплыл, берег: правый, на борту 2 авто
[t=0206] Выгружаем #22 (большая, 2616 кг, 2 мест)
[t=0207] Выгрузили #22 (большая, 2616 кг, 2 мест). Паром [1/6 авто, 2/8 мест, 3524/9000 кг] #27
[t=0208] Выгружаем #27 (большая, 3524 кг, 2 мест)
[t=0209] Выгрузили #27 (большая, 3524 кг, 2 мест). Паром [0/6 авто, 0/8 мест, 0/9000 кг]
[t=0209] Погрузка, берег: правый (в очереди: 5)
[t=0210] Грузим #20 (большая, 5151 кг, 3 мест) (ждала 174 мин)
[t=0212] Погрузили #20 (большая, 5151 кг, 3 мест). Паром [1/6 авто, 3/8 мест, 5151/9000 кг] #20
[t=0213] Грузим #23 (легковая, 1852 кг, 1 мест) (ждала 169 мин)
[t=0215] Погрузили #23 (легковая, 1852 кг, 1 мест). Паром [2/6 авто, 4/8 мест, 7003/9000 кг] #20 #23
[t=0216] Грузим #25 (легковая, 1610 кг, 1 мест) (ждала 167 мин)
[t=0218] Погрузили #25 (легковая, 1610 кг, 1 мест). Паром [3/6 авто, 5/8 мест, 8613/9000 кг] #20 #23 #25
[t=0219] Отказ в погрузке: #28 (легковая, 1149 кг, 1 мест), причина: перегруз по массе
[t=0219] Конец погрузки (следующая машина не влезает). Паром [3/6 авто, 5/8 мест, 8613/9000 кг] #20 #23 #25
[t=0220] Отправление, рейс 8, берег отправления: правый
[t=0230] Паром приплыл, берег: левый, на борту 3 авто
[t=0231] Выгружаем #20 (большая, 5151 кг, 3 мест)
[t=0232] Выгрузили #20 (большая, 5151 кг, 3 мест). Паром [2/6 авто, 2/8 мест, 3462/9000 кг] #23 #25
[t=0233] Выгружаем #23 (легковая, 1852 кг, 1 мест)
[t=0234] Выгрузили #23 (легковая, 1852 кг, 1 мест). Паром [1/6 авто, 1/8 мест, 1610/9000 кг] #25
[t=0235] Выгружаем #25 (легковая, 1610 кг, 1 мест)
[t=0236] Выгрузили #25 (легковая, 1610 кг, 1 мест). Паром [0/6 авто, 0/8 мест, 0/9000 кг]
[t=0236] Погрузка, берег: левый (в очереди: 0)
[t=0237] Конец погрузки (пустой рейс). Паром [0/6 авто, 0/8 мест, 0/9000 кг]
[t=0238] Отправление, рейс 9, берег отправления: левый
[t=0248] Паром приплыл, берег: правый, на борту 0 авто
[t=0248] Погрузка, берег: правый (в очереди: 2)
[t=0249] Грузим #28 (легковая, 1149 кг, 1 мест) (ждала 196 мин)
[t=0251] Погрузили #28 (легковая, 1149 кг, 1 мест). Паром [1/6 авто, 1/8 мест, 1149/9000 кг] #28
[t=0252] Грузим #30 (большая, 3200 кг, 4 мест) (ждала 192 мин)
[t=0254] Погрузили #30 (большая, 3200 кг, 4 мест). Паром [2/6 авто, 5/8 мест, 4349/9000 кг] #28 #30
[t=0255] Конец погрузки (очередь пуста). Паром [2/6 авто, 5/8 мест, 4349/9000 кг] #28 #30
[t=0256] Отправление, рейс 10, берег отправления: правый
[t=0266] Паром приплыл, берег: левый, на борту 2 авто
[t=0267] Выгружаем #28 (легковая, 1149 кг, 1 мест)
[t=0268] Выгрузили #28 (легковая, 1149 кг, 1 мест). Паром [1/6 авто, 4/8 мест, 3200/9000 кг] #30
[t=0269] Выгружаем #30 (большая, 3200 кг, 4 мест)
[t=0270] Выгрузили #30 (большая, 3200 кг, 4 мест). Паром [0/6 авто, 0/8 мест, 0/9000 кг]
[t=0270] Погрузка, берег: левый (в очереди: 0)

Итоги:
Причина завершения: все автомобили перевезены
Время: 270 мин
Рейсов: 10 (пустых: 1)
Отказов в погрузке: 10
Перевезено машин: 30 (слева 15, справа 15)
Не перевезено: 0 (в очередях 0+0, на пароме 0, не приехали 0)
Среднее ожидание: обычные 91.6 мин, экстренные 43.5 мин
