=== Паромная переправа (seed=21) ===
[t=0000] Паром у берега: левый, начинаем погрузку
[t=0000] Приехала машина #1 (легковая, 1592 кг, 1 мест) на левый берег (в очереди: 1)
[t=0000] Приехала машина #2 (легковая, 1558 кг, 1 мест) на левый берег (в очереди: 2)
[t=0000] Приехала машина #3 (большая, 1874 кг, 2 мест) на левый берег (в очереди: 3)
[t=0000] Приехала машина #4 (легковая, 1010 кг, 1 мест) на левый берег (в очереди: 4)
[t=0001] Грузим #1 (легковая, 1592 кг, 1 мест) (ждала 1 мин)
[t=0003] Погрузили #1 (легковая, 1592 кг, 1 мест). Паром [1/6 авто, 1/8 мест, 1592/12000 кг] #1
[t=0004] Грузим #2 (легковая, 1558 кг, 1 мест) (ждала 4 мин)
[t=0006] Приехала машина #5 (легковая, 957 кг, 1 мест) на левый берег (в очереди: 3)
[t=0006] Погрузили #2 (легковая, 1558 кг, 1 мест). Паром [2/6 авто, 2/8 мест, 3150/12000 кг] #1 #2
[t=0007] Грузим #3 (большая, 1874 кг, 2 мест) (ждала 7 мин)
[t=0009] Погрузили #3 (большая, 1874 кг, 2 мест). Паром [3/6 авто, 4/8 мест, 5024/12000 кг] #1 #2 #3
[t=0010] Грузим #4 (легковая, 1010 кг, 1 мест) (ждала 10 мин)
[t=0012] Приехала машина #6 (большая, 3092 кг, 2 мест) на левый берег (в очереди: 2)
[t=0012] Погрузили #4 (легковая, 1010 кг, 1 мест). Паром [4/6 авто, 5/8 мест, 6034/12000 кг] #1 #2 #3 #4
[t=0013] Грузим #5 (легковая, 957 кг, 1 мест) (ждала 7 мин)
[t=0014] Приехала машина #7 (большая, 2448 кг, 2 мест) на левый берег (в очереди: 2)
[t=0015] Погрузили #5 (легковая, 957 кг, 1 мест). Паром [5/6 авто, 6/8 мест, 6991/12000 кг] #1 #2 #3 #4 #5
[t=0016] Грузим #6 (большая, 3092 кг, 2 мест) (ждала 4 мин)
[t=0018] Приехала машина #8 (экстренная, 4868 кг, 4 мест) на левый берег (в очереди: 2)
[t=0018] Погрузили #6 (большая, 3092 кг, 2 мест). Паром [6/6 авто, 8/8 мест, 10083/12000 кг] #1 #2 #3 #4 #5 #6
[t=0019] Конец погрузки (паром заполнен). Паром [6/6 авто, 8/8 мест, 10083/12000 кг] #1 #2 #3 #4 #5 #6
[t=0020] Отправление, рейс 1, берег отправления: левый
[t=0024] Приехала машина #9 (легковая, 1374 кг, 1 мест) на левый берег (в очереди: 3)
[t=0030] Паром приплыл, берег: правый, на борту 6 авто
[t=0031] Выгружаем #1 (легковая, 1592 кг, 1 мест)
[t=0032] Выгрузили #1 (легковая, 1592 кг, 1 мест). Паром [5/6 авто, 7/8 мест, 8491/12000 кг] #2 #3 #4 #5 #6
[t=0033] Выгружаем #2 (легковая, 1558 кг, 1 мест)
[t=0034] Выгрузили #2 (легковая, 1558 кг, 1 мест). Паром [4/6 авто, 6/8 мест, 6933/12000 кг] #3 #4 #5 #6
[t=0035] Выгружаем #3 (большая, 1874 кг, 2 мест)
[t=0036] Выгрузили #3 (большая, 1874 кг, 2 мест). Паром [3/6 авто, 4/8 мест, 5059/12000 кг] #4 #5 #6
[t=0037] Выгружаем #4 (легковая, 1010 кг, 1 мест)
[t=0038] Выгрузили #4 (легковая, 1010 кг, 1 мест). Паром [2/6 авто, 3/8 мест, 4049/12000 кг] #5 #6
[t=0039] Выгружаем #5 (легковая, 957 кг, 1 мест)
[t=0040] Выгрузили #5 (легковая, 957 кг, 1 мест). Паром [1/6 авто, 2/8 мест, 3092/12000 кг] #6
[t=0041] Выгружаем #6 (большая, 3092 кг, 2 мест)
[t=0042] Выгрузили #6 (большая, 3092 кг, 2 мест). Паром [0/6 авто, 0/8 мест, 0/12000 кг]
[t=0042] Погрузка, берег: правый (в очереди: 0)
[t=0043] Конец погрузки (пустой рейс). Паром [0/6 авто, 0/8 мест, 0/12000 кг]
[t=0044] Отправление, рейс 2, берег отправления: правый
[t=0054] Паром приплыл, берег: левый, на борту 0 авто
[t=0054] Погрузка, берег: левый (в очереди: 3)
[t=0055] Грузим #8 (экстренная, 4868 кг, 4 мест) (ждала 37 мин)
[t=0057] Погрузили #8 (экстренная, 4868 кг, 4 мест). Паром [1/6 авто, 4/8 мест, 4868/12000 кг] #8
[t=0058] Грузим #7 (большая, 2448 кг, 2 мест) (ждала 44 мин)
[t=0060] Погрузили #7 (большая, 2448 кг, 2 мест). Паром [2/6 авто, 6/8 мест, 7316/12000 кг] #8 #7
[t=0061] Грузим #9 (легковая, 1374 кг, 1 мест) (ждала 37 мин)
[t=0063] Погрузили #9 (легковая, 1374 кг, 1 мест). Паром [3/6 авто, 7/8 мест, 8690/12000 кг] #8 #7 #9
[t=0064] Конец погрузки (очередь пуста). Паром [3/6 авто, 7/8 мест, 8690/12000 кг] #8 #7 #9
[t=0065] Отправление, рейс 3, берег отправления: левый
[t=0075] Паром приплыл, берег: правый, на борту 3 авто
[t=0076] Выгружаем #8 (экстренная, 4868 кг, 4 мест)
[t=0077] Выгрузили #8 (экстренная, 4868 кг, 4 мест). Паром [2/6 авто, 3/8 мест, 3822/12000 кг] #7 #9
[t=0078] Выгружаем #7 (большая, 2448 кг, 2 мест)
[t=0079] Выгрузили #7 (большая, 2448 кг, 2 мест). Паром [1/6 авто, 1/8 мест, 1374/12000 кг] #9
[t=0080] Выгружаем #9 (легковая, 1374 кг, 1 мест)
[t=0081] Выгрузили #9 (легковая, 1374 кг, 1 мест). Паром [0/6 авто, 0/8 мест, 0/12000 кг]
[t=0081] Погрузка, берег: правый (в очереди: 0)

Итоги:
Причина завершения: все автомобили перевезены
Время: 81 мин
Рейсов: 3 (пустых: 1)
Отказов в погрузке: 0
Перевезено машин: 9 (слева 9, справа 0)
Не перевезено: 0 (в очередях 0+0, на пароме 0, не приехали 0)
Среднее ожидание: обычные 14.2 мин, экстренные 37.0 мин
