=== Паромная переправа (seed=8) ===
[t=0000] Паром у берега: левый, начинаем погрузку
[t=0000] Приехала машина #1 (большая, 3204 кг, 4 мест) на левый берег (в очереди: 1)
[t=0000] Приехала машина #2 (легковая, 1274 кг, 1 мест) на левый берег (в очереди: 2)
[t=0000] Приехала машина #3 (большая, 3321 кг, 3 мест) на левый берег (в очереди: 3)
[t=0000] Приехала машина #4 (легковая, 1320 кг, 1 мест) на правый берег (в очереди: 1)
[t=0000] Приехала машина #5 (легковая, 1174 кг, 1 мест) на правый берег (в очереди: 2)
[t=0000] Приехала машина #6 (легковая, 1521 кг, 1 мест) на правый берег (в очереди: 3)
[t=0001] Грузим #1 (большая, 3204 кг, 4 мест) (ждала 1 мин)
[t=0003] Погрузили #1 (большая, 3204 кг, 4 мест). Паром [1/6 авто, 4/8 мест, 3204/12000 кг] #1
[t=0004] Грузим #2 (легковая, 1274 кг, 1 мест) (ждала 4 мин)
[t=0006] Приехала машина #7 (легковая, 781 кг, 1 мест) на левый берег (в очереди: 2)
[t=0006] Погрузили #2 (легковая, 1274 кг, 1 мест). Паром [2/6 авто, 5/8 мест, 4478/12000 кг] #1 #2
[t=0007] Приехала машина #8 (легковая, 914 кг, 1 мест) на правый берег (в очереди: 4)
[t=0007] Грузим #3 (большая, 3321 кг, 3 мест) (ждала 7 мин)
[t=0009] Погрузили #3 (большая, 3321 кг, 3 мест). Паром [3/6 авто, 8/8 мест, 7799/12000 кг] #1 #2 #3
[t=0010] Приехала машина #9 (легковая, 1169 кг, 1 мест) на правый берег (в очереди: 5)
[t=0010] Конец погрузки (паром заполнен). Паром [3/6 авто, 8/8 мест, 7799/12000 кг] #1 #2 #3
[t=0011] Отправление, рейс 1, берег отправления: левый
[t=0012] Приехала машина #10 (экстренная, 3612 кг, 3 мест) на левый берег (в очереди: 2)
[t=0012] Приехала машина #11 (большая, 3916 кг, 4 мест) на правый берег (в очереди: 6)
[t=0017] Приехала машина #12 (экстренная, 1230 кг, 1 мест) на правый берег (в очереди: 7)
[t=0018] Приехала машина #13 (большая, 2130 кг, 2 мест) на левый берег (в очереди: 3)
[t=0019] Приехала машина #14 (легковая, 1474 кг, 1 мест) на правый берег (в очереди: 8)
[t=0021] Приехала машина #15 (большая, 3476 кг, 4 мест) на правый берег (в очереди: 9)
[t=0021] Паром приплыл, берег: правый, на борту 3 авто
[t=0022] Приехала машина #16 (легковая, 1369 кг, 1 мест) на левый берег (в очереди: 4)
[t=0022] Выгружаем #1 (большая, 3204 кг, 4 мест)
[t=0023] Выгрузили #1 (большая, 3204 кг, 4 мест). Паром [2/6 авто, 4/8 мест, 4595/12000 кг] #2 #3
[t=0024] Приехала машина #17 (легковая, 1044 кг, 1 мест) на левый берег (в очереди: 5)
[t=0024] Выгружаем #2 (легковая, 1274 кг, 1 мест)
[t=0025] Выгрузили #2 (легковая, 1274 кг, 1 мест). Паром [1/6 авто, 3/8 мест, 3321/12000 кг] #3
[t=0026] Выгружаем #3 (большая, 3321 кг, 3 мест)
[t=0027] Выгрузили #3 (большая, 3321 кг, 3 мест). Паром [0/6 авто, 0/8 мест, 0/12000 кг]
[t=0027] Погрузка, берег: правый (в очереди: 9)
[t=0028] Приехала машина #18 (легковая, 1137 кг, 1 мест) на левый берег (в очереди: 6)
[t=0028] Грузим #12 (экстренная, 1230 кг, 1 мест) (ждала 11 мин)
[t=0029] Приехала машина #19 (легковая, 1474 кг, 1 мест) на правый берег (в очереди: 9)
[t=0030] Погрузили #12 (экстренная, 1230 кг, 1 мест). Паром [1/6 авто, 1/8 мест, 1230/12000 кг] #12
[t=0031] Приехала машина #20 (экстренная, 1569 кг, 1 мест) на левый берег (в очереди: 7)
[t=0031] Грузим #4 (легковая, 1320 кг, 1 мест) (ждала 31 мин)
[t=0033] Погрузили #4 (легковая, 1320 кг, 1 мест). Паром [2/6 авто, 2/8 мест, 2550/12000 кг] #12 #4
[t=0034] Грузим #5 (легковая, 1174 кг, 1 мест) (ждала 34 мин)
[t=0035] Приехала машина #21 (большая, 1960 кг, 2 мест) на правый берег (в очереди: 8)
[t=0036] Погрузили #5 (легковая, 1174 кг, 1 мест). Паром [3/6 авто, 3/8 мест, 3724/12000 кг] #12 #4 #5
[t=0037] Грузим #6 (легковая, 1521 кг, 1 мест) (ждала 37 мин)
[t=0038] Приехала машина #22 (легковая, 1552 кг, 1 мест) на правый берег (в очереди: 8)
[t=0039] Приехала машина #23 (экстренная, 1180 кг, 1 мест) на левый берег (в очереди: 8)
[t=0039] Погрузили #6 (легковая, 1521 кг, 1 мест). Паром [4/6 авто, 4/8 мест, 5245/12000 кг] #12 #4 #5 #6
[t=0040] Грузим #8 (легковая, 914 кг, 1 мест) (ждала 33 мин)
[t=0041] Приехала машина #24 (экстренная, 1214 кг, 1 мест) на левый берег (в очереди: 9)
[t=0042] Погрузили #8 (легковая, 914 кг, 1 мест). Паром [5/6 авто, 5/8 мест, 6159/12000 кг] #12 #4 #5 #6 #8
[t=0043] Грузим #9 (легковая, 1169 кг, 1 мест) (ждала 33 мин)
[t=0045] Погрузили #9 (легковая, 1169 кг, 1 мест). Паром [6/6 авто, 6/8 мест, 7328/12000 кг] #12 #4 #5 #6 #8 #9
[t=0046] Приехала машина #25 (легковая, 1158 кг, 1 мест) на правый берег (в очереди: 7)
[t=0046] Конец погрузки (паром заполнен). Паром [6/6 авто, 6/8 мест, 7328/12000 кг] #12 #4 #5 #6 #8 #9
[t=0047] Отправление, рейс 2, берег отправления: правый
[t=0049] Приехала машина #26 (легковая, 1205 кг, 1 мест) на левый берег (в очереди: 10)
[t=0049] Приехала машина #27 (большая, 4680 кг, 4 мест) на правый берег (в очереди: 8)
[t=0055] Приехала машина #28 (легковая, 1227 кг, 1 мест) на левый берег (в очереди: 11)
[t=0057] Приехала машина #29 (большая, 1418 кг, 2 мест) на правый берег (в очереди: 9)
[t=0057] Паром приплыл, берег: левый, на борту 6 авто
[t=0058] Приехала машина #30 (экстренная, 4188 кг, 3 мест) на левый берег (в очереди: 12)
[t=0058] Выгружаем #12 (экстренная, 1230 кг, 1 мест)
[t=0059] Выгрузили #12 (экстренная, 1230 кг, 1 мест). Паром [5/6 авто, 5/8 мест, 6098/12000 кг] #4 #5 #6 #8 #9
[t=0060] Выгружаем #4 (легковая, 1320 кг, 1 мест)
[t=0061] Приехала машина #31 (легковая, 1369 кг, 1 мест) на левый берег (в очереди: 13)
[t=0061] Выгрузили #4 (легковая, 1320 кг, 1 мест). Паром [4/6 авто, 4/8 мест, 4778/12000 кг] #5 #6 #8 #9
[t=0062] Выгружаем #5 (легковая, 1174 кг, 1 мест)
[t=0063] Приехала машина #32 (экстренная, 4446 кг, 3 мест) на правый берег (в очереди: 10)
[t=0063] Выгрузили #5 (легковая, 1174 кг, 1 мест). Паром [3/6 авто, 3/8 мест, 3604/12000 кг] #6 #8 #9
[t=0064] Выгружаем #6 (легковая, 1521 кг, 1 мест)
[t=0065] Выгрузили #6 (легковая, 1521 кг, 1 мест). Паром [2/6 авто, 2/8 мест, 2083/12000 кг] #8 #9
[t=0066] Выгружаем #8 (легковая, 914 кг, 1 мест)
[t=0067] Приехала машина #33 (экстренная, 1728 кг, 2 мест) на правый берег (в очереди: 11)
[t=0067] Выгрузили #8 (легковая, 914 кг, 1 мест). Паром [1/6 авто, 1/8 мест, 1169/12000 кг] #9
[t=0068] Выгружаем #9 (легковая, 1169 кг, 1 мест)
[t=0069] Приехала машина #34 (легковая, 1524 кг, 1 мест) на левый берег (в очереди: 14)
[t=0069] Выгрузили #9 (легковая, 1169 кг, 1 мест). Паром [0/6 авто, 0/8 мест, 0/12000 кг]
[t=0069] Погрузка, берег: левый (в очереди: 14)
[t=0070] Грузим #10 (экстренная, 3612 кг, 3 мест) (ждала 58 мин)
[t=0071] Приехала машина #35 (большая, 2410 кг, 2 мест) на правый берег (в очереди: 12)
[t=0072] Приехала машина #36 (легковая, 1497 кг, 1 мест) на левый берег (в очереди: 14)
[t=0072] Погрузили #10 (экстренная, 3612 кг, 3 мест). Паром [1/6 авто, 3/8 мест, 3612/12000 кг] #10
[t=0073] Грузим #20 (экстренная, 1569 кг, 1 мест) (ждала 42 мин)
[t=0075] Погрузили #20 (экстренная, 1569 кг, 1 мест). Паром [2/6 авто, 4/8 мест, 5181/12000 кг] #10 #20
[t=0076] Грузим #7 (легковая, 781 кг, 1 мест) (ждала 70 мин)
[t=0078] Приехала машина #37 (легковая, 1577 кг, 1 мест) на правый берег (в очереди: 13)
[t=0078] Погрузили #7 (легковая, 781 кг, 1 мест). Паром [3/6 авто, 5/8 мест, 5962/12000 кг] #10 #20 #7
[t=0079] Приехала машина #38 (экстренная, 1541 кг, 1 мест) на левый берег (в очереди: 13)
[t=0079] Грузим #23 (экстренная, 1180 кг, 1 мест) (ждала 40 мин)
[t=0081] Погрузили #23 (экстренная, 1180 кг, 1 мест). Паром [4/6 авто, 6/8 мест, 7142/12000 кг] #10 #20 #7 #23
[t=0082] Грузим #24 (экстренная, 1214 кг, 1 мест) (ждала 41 мин)
[t=0083] Приехала машина #39 (большая, 4536 кг, 3 мест) на правый берег (в очереди: 14)
[t=0084] Погрузили #24 (экстренная, 1214 кг, 1 мест). Паром [5/6 авто, 7/8 мест, 8356/12000 кг] #10 #20 #7 #23 #24
[t=0085] Отказ в погрузке: #13 (большая, 2130 кг, 2 мест), причина: нет места
[t=0085] Конец погрузки (следующая машина не влезает). Паром [5/6 авто, 7/8 мест, 8356/12000 кг] #10 #20 #7 #23 #24
[t=0086] Отправление, рейс 3, берег отправления: левый
[t=0087] Приехала машина #40 (легковая, 745 кг, 1 мест) на левый берег (в очереди: 12)
[t=0087] Приехала машина #41 (экстренная, 2241 кг, 3 мест) на правый берег (в очереди: 15)
[t=0092] Приехала машина #42 (большая, 3192 кг, 2 мест) на левый берег (в очереди: 13)
[t=0094] Приехала машина #43 (легковая, 829 кг, 1 мест) на правый берег (в очереди: 16)
[t=0096] Паром приплыл, берег: правый, на борту 5 авто
[t=0097] Выгружаем #10 (экстренная, 3612 кг, 3 мест)
[t=0098] Выгрузили #10 (экстренная, 3612 кг, 3 мест). Паром [4/6 авто, 4/8 мест, 4744/12000 кг] #20 #7 #23 #24
[t=0099] Выгружаем #20 (экстренная, 1569 кг, 1 мест)
[t=0100] Приехала машина #44 (экстренная, 2146 кг, 2 мест) на левый берег (в очереди: 14)
[t=0100] Приехала машина #45 (большая, 1690 кг, 2 мест) на правый берег (в очереди: 17)
[t=0100] Выгрузили #20 (экстренная, 1569 кг, 1 мест). Паром [3/6 авто, 3/8 мест, 3175/12000 кг] #7 #23 #24
[t=0101] Выгружаем #7 (легковая, 781 кг, 1 мест)
[t=0102] Выгрузили #7 (легковая, 781 кг, 1 мест). Паром [2/6 авто, 2/8 мест, 2394/12000 кг] #23 #24
[t=0103] Выгружаем #23 (экстренная, 1180 кг, 1 мест)
[t=0104] Выгрузили #23 (экстренная, 1180 кг, 1 мест). Паром [1/6 авто, 1/8 мест, 1214/12000 кг] #24
[t=0105] Выгружаем #24 (экстренная, 1214 кг, 1 мест)
[t=0106] Выгрузили #24 (экстренная, 1214 кг, 1 мест). Паром [0/6 авто, 0/8 мест, 0/12000 кг]
[t=0106] Погрузка, берег: правый (в очереди: 17)
[t=0107] Грузим #11 (большая, 3916 кг, 4 мест) (ждала 95 мин)
[t=0108] Приехала машина #46 (легковая, 723 кг, 1 мест) на левый берег (в очереди: 15)
[t=0108] Приехала машина #47 (большая, 2418 кг, 3 мест) на правый берег (в очереди: 17)
[t=0109] Погрузили #11 (большая, 3916 кг, 4 мест). Паром [1/6 авто, 4/8 мест, 3916/12000 кг] #11
[t=0110] Грузим #14 (легковая, 1474 кг, 1 мест) (ждала 91 мин)
[t=0112] Погрузили #14 (легковая, 1474 кг, 1 мест). Паром [2/6 авто, 5/8 мест, 5390/12000 кг] #11 #14
[t=0113] Отказ в погрузке: #15 (большая, 3476 кг, 4 мест), причина: нет места
[t=0113] Конец погрузки (следующая машина не влезает). Паром [2/6 авто, 5/8 мест, 5390/12000 кг] #11 #14
[t=0114] Приехала машина #48 (легковая, 1289 кг, 1 мест) на левый берег (в очереди: 16)
[t=0114] Приехала машина #49 (большая, 4800 кг, 3 мест) на правый берег (в очереди: 17)
[t=0114] Отправление, рейс 4, берег отправления: правый
[t=0117] Приехала машина #50 (легковая, 1140 кг, 1 мест) на правый берег (в очереди: 18)
[t=0121] Приехала машина #51 (большая, 4023 кг, 3 мест) на левый берег (в очереди: 17)
[t=0124] Приехала машина #52 (экстренная, 1270 кг, 1 мест) на правый берег (в очереди: 19)
[t=0124] Паром приплыл, берег: левый, на борту 2 авто
[t=0125] Выгружаем #11 (большая, 3916 кг, 4 мест)
[t=0126] Выгрузили #11 (большая, 3916 кг, 4 мест). Паром [1/6 авто, 1/8 мест, 1474/12000 кг] #14
[t=0127] Выгружаем #14 (легковая, 1474 кг, 1 мест)
[t=0128] Приехала машина #53 (большая, 4012 кг, 4 мест) на левый берег (в очереди: 18)
[t=0128] Выгрузили #14 (легковая, 1474 кг, 1 мест). Паром [0/6 авто, 0/8 мест, 0/12000 кг]
[t=0128] Погрузка, берег: левый (в очереди: 18)

Итоги:
Причина завершения: выполнено заданное число рейсов
Время: 128 мин
Рейсов: 4 (пустых: 0)
Отказов в погрузке: 2
Перевезено машин: 16 (слева 8, справа 8)
Не перевезено: 64 (в очередях 18+19, на пароме 0, не приехали 27)
Среднее ожидание: обычные 39.6 мин, экстренные 38.4 мин
